main.c:88:6:nr_pieter	8	static
main.c:98:6:komunikat	8	static
main.c:104:6:przyciski	8	static
main.c:122:6:drzwi	8	static
main.c:135:6:pietro_wyzej	8	static
main.c:166:6:pietro_nizej	8	static
main.c:199:5:pietro_min	16	static
main.c:212:5:pietro_max	16	static
main.c:232:5:main	8	static
main.c:320:6:SystemClock_Config	136	static
main.c:378:13:MX_DMA2D_Init	8	static
main.c:415:13:MX_I2C3_Init	8	static
main.c:461:13:MX_LTDC_Init	112	static
main.c:543:13:MX_SPI5_Init	8	static
main.c:577:13:MX_FMC_Init	40	static
main.c:628:13:MX_GPIO_Init	64	static
main.c:676:6:Error_Handler	4	static
